Microsoft Windows [Version 10.0.26100.7171]
(c) Microsoft Corporation. All rights reserved.

C:\Users\bandi\Downloads\ProjectGoalStudents>cd ProjectGoalStudents

C:\Users\bandi\Downloads\ProjectGoalStudents\ProjectGoalStudents>npm install
npm warn deprecated @esbuild-kit/esm-loader@2.6.5: Merged into tsx: https://tsx.is
npm warn deprecated @esbuild-kit/core-utils@3.3.2: Merged into tsx: https://tsx.is

added 441 packages, and audited 442 packages in 20s

41 packages are looking for funding
  run `npm fund` for details

6 vulnerabilities (2 low, 4 moderate)

To address issues that do not require attention, run:
  npm audit fix

To address all issues (including breaking changes), run:
  npm audit fix --force

Run `npm audit` for details.
npm notice
npm notice New major version of npm available! 10.9.3 -> 11.6.4
npm notice Changelog: https://github.com/npm/cli/releases/tag/v11.6.4
npm notice To update run: npm install -g npm@11.6.4
npm notice

C:\Users\bandi\Downloads\ProjectGoalStudents\ProjectGoalStudents>npm run db:push

> rest-express@1.0.0 db:push
> drizzle-kit push

No config path provided, using default 'drizzle.config.ts'
Reading config file 'C:\Users\bandi\Downloads\ProjectGoalStudents\ProjectGoalStudents\drizzle.config.ts'
DATABASE_URL, ensure the database is provisioned

C:\Users\bandi\Downloads\ProjectGoalStudents\ProjectGoalStudents>npm run dev

> rest-express@1.0.0 dev
> NODE_ENV=development tsx server/index.ts

'NODE_ENV' is not recognized as an internal or external command,
operable program or batch file.

C:\Users\bandi\Downloads\ProjectGoalStudents\ProjectGoalStudents>npm install

up to date, audited 442 packages in 2s

41 packages are looking for funding
  run `npm fund` for details

6 vulnerabilities (2 low, 4 moderate)

To address issues that do not require attention, run:
  npm audit fix

To address all issues (including breaking changes), run:
  npm audit fix --force

Run `npm audit` for details.

C:\Users\bandi\Downloads\ProjectGoalStudents\ProjectGoalStudents>npm run db:push

> rest-express@1.0.0 db:push
> drizzle-kit push

No config path provided, using default 'drizzle.config.ts'
Reading config file 'C:\Users\bandi\Downloads\ProjectGoalStudents\ProjectGoalStudents\drizzle.config.ts'
DATABASE_URL, ensure the database is provisioned

C:\Users\bandi\Downloads\ProjectGoalStudents\ProjectGoalStudents>cd C:\Users\bandi\Downloads\ProjectGoalStudents\ProjectGoalStudents

C:\Users\bandi\Downloads\ProjectGoalStudents\ProjectGoalStudents>npm run db:push

> rest-express@1.0.0 db:push
> drizzle-kit push

No config path provided, using default 'drizzle.config.ts'
Reading config file 'C:\Users\bandi\Downloads\ProjectGoalStudents\ProjectGoalStudents\drizzle.config.ts'
DATABASE_URL, ensure the database is provisioned

C:\Users\bandi\Downloads\ProjectGoalStudents\ProjectGoalStudents>npx drizzle-kit push
No config path provided, using default 'drizzle.config.ts'
Reading config file 'C:\Users\bandi\Downloads\ProjectGoalStudents\ProjectGoalStudents\drizzle.config.ts'
DATABASE_URL, ensure the database is provisioned

C:\Users\bandi\Downloads\ProjectGoalStudents\ProjectGoalStudents>set DATABASE_URL=postgresql://neondb_owner:npg_Gfdt2i5EgoOW@ep-sparkling-shape-ah30dg8p-pooler.c-3.us-east-1.aws.neon.tech/neondb?sslmode=require

C:\Users\bandi\Downloads\ProjectGoalStudents\ProjectGoalStudents>npx drizzle-kit push
No config path provided, using default 'drizzle.config.ts'
Reading config file 'C:\Users\bandi\Downloads\ProjectGoalStudents\ProjectGoalStudents\drizzle.config.ts'
Using 'pg' driver for database querying
[✓] Pulling schema from database...
[✓] Changes applied

C:\Users\bandi\Downloads\ProjectGoalStudents\ProjectGoalStudents>npx tsx server/index.ts
Seeding database...
✓ Created 4 users
✓ Created 4 columns
✓ Created 6 sample tasks
✓ Created 3 ADRs
✓ Created 2 PR reviews
✓ Created 3 activities
Database seeding complete!
node:events:497
      throw er; // Unhandled 'error' event
      ^

Error: listen ENOTSUP: operation not supported on socket 0.0.0.0:5000
    at Server.setupListenHandle [as _listen2] (node:net:1918:21)
    at listenInCluster (node:net:1997:12)
    at node:net:2206:7
    at process.processTicksAndRejections (node:internal/process/task_queues:90:21)
Emitted 'error' event on Server instance at:
    at emitErrorNT (node:net:1976:8)
    at process.processTicksAndRejections (node:internal/process/task_queues:90:21) {
  code: 'ENOTSUP',
  errno: -4049,
  syscall: 'listen',
  address: '0.0.0.0',
  port: 5000
}

Node.js v22.20.0